******************************************************************************
                  TI ARM Linker PC v5.0.1                      
******************************************************************************
>> Linked Sun Oct 19 04:02:58 2014

OUTPUT FILE NAME:   <Nathan_project.out>
ENTRY POINT SYMBOL: "_c_int00"  address: 0000295d


MEMORY CONFIGURATION

         name            origin    length      used     unused   attr    fill
----------------------  --------  ---------  --------  --------  ----  --------
  FLASH                 00000000   00040000  00002f92  0003d06e  R  X
  SRAM                  20000000   00010000  0000a746  000058ba  RW X


SEGMENT ALLOCATION MAP

run origin  load origin   length   init length attrs members
----------  ----------- ---------- ----------- ----- -------
00000000    00000000    00002f98   00002f98    r-x
  00000000    00000000    000000f0   000000f0    r-- .intvecs
  000000f0    000000f0    00002ac2   00002ac2    r-x .text
  00002bb4    00002bb4    00000388   00000388    r-- .const
  00002f40    00002f40    00000058   00000058    r-- .cinit
20000000    20000000    0000a6e0   00000000    rw-
  20000000    20000000    0000026c   00000000    rw- .vtable
  2000026c    2000026c    00009c74   00000000    rw- .bss
  20009ee0    20009ee0    00000800   00000000    rw- .stack
2000a6e0    2000a6e0    00000066   00000066    rw-
  2000a6e0    2000a6e0    00000066   00000066    rw- .data


SECTION ALLOCATION MAP

 output                                  attributes/
section   page    origin      length       input sections
--------  ----  ----------  ----------   ----------------
.intvecs   0    00000000    000000f0     
                  00000000    000000f0     startup_ccs.obj (.intvecs)

.text      0    000000f0    00002ac2     
                  000000f0    00000a18     ustdlib.obj (.text)
                  00000b08    0000065c     display.obj (.text)
                  00001164    00000510     rit128x96x4.obj (.text)
                  00001674    000003bc     my_adc.obj (.text)
                  00001a30    000001d8     driverlib-cm3.lib : sysctl.obj (.text:SysCtlClockGet)
                  00001c08    000001cc     waveform.obj (.text)
                  00001dd4    00000194     peak_to_peak.obj (.text)
                  00001f68    00000144     driverlib-cm3.lib : sysctl.obj (.text:SysCtlClockSet)
                  000020ac    000000c8                       : gpio.obj (.text:GPIOPadConfigSet)
                  00002174    000000c8     frequency.obj (.text)
                  0000223c    000000c4     VRMS.obj (.text)
                  00002300    000000a4     Scheduler.obj (.text)
                  000023a4    0000009c     rtsv7M3_T_le_eabi.lib : memcpy_t2.obj (.text)
                  00002440    0000009a     MSE.obj (.text)
                  000024da    00000002     --HOLE-- [fill = 0]
                  000024dc    00000094     rtsv7M3_T_le_eabi.lib : auto_init.obj (.text)
                  00002570    0000007c     buttons.obj (.text)
                  000025ec    0000006c     driverlib-cm3.lib : adc.obj (.text:ADCSequenceStepConfigure)
                  00002658    00000068     isqrt.obj (.text)
                  000026c0    00000064     driverlib-cm3.lib : interrupt.obj (.text:IntEnable)
                  00002724    0000005e     rtsv7M3_T_le_eabi.lib : copy_decompress_rle.obj (.text)
                  00002782    00000002     --HOLE-- [fill = 0]
                  00002784    00000058     driverlib-cm3.lib : sysctl.obj (.text:SysCtlPeripheralEnable)
                  000027dc    00000044                       : ssi.obj (.text:SSIConfigSetExpClk)
                  00002820    00000044     rtsv7M3_T_le_eabi.lib : cpy_tbl.obj (.text)
                  00002864    00000042                           : u_divt2.obj (.text)
                  000028a6    00000002     --HOLE-- [fill = 0]
                  000028a8    00000040     my_timer.obj (.text)
                  000028e8    00000040     rtsv7M3_T_le_eabi.lib : exit.obj (.text)
                  00002928    00000034     driverlib-cm3.lib : interrupt.obj (.text:IntRegister)
                  0000295c    00000034     rtsv7M3_T_le_eabi.lib : boot.obj (.text)
                  00002990    0000002e     driverlib-cm3.lib : gpio.obj (.text:GPIODirModeSet)
                  000029be    0000002a                       : adc.obj (.text:ADCSequenceConfigure)
                  000029e8    00000028                       : adc.obj (.text:ADCIntRegister)
                  00002a10    00000024                       : timer.obj (.text:TimerConfigure)
                  00002a34    00000020                       : adc.obj (.text:ADCSequenceDataGet)
                  00002a54    00000020                       : sysctl.obj (.text:SysCtlADCSpeedSet)
                  00002a74    00000018                       : timer.obj (.text:TimerControlTrigger)
                  00002a8c    00000018     rtsv7M3_T_le_eabi.lib : args_main.obj (.text)
                  00002aa4    00000014                           : _lock.obj (.text)
                  00002ab8    00000012     driverlib-cm3.lib : gpio.obj (.text:GPIOPinTypeADC)
                  00002aca    00000012                       : gpio.obj (.text:GPIOPinTypeGPIOOutput)
                  00002adc    00000012                       : gpio.obj (.text:GPIOPinTypeSSI)
                  00002aee    00000012                       : ssi.obj (.text:SSIDataGetNonBlocking)
                  00002b00    00000012                       : timer.obj (.text:TimerLoadSet)
                  00002b12    00000012     rtsv7M3_T_le_eabi.lib : copy_zero_init.obj (.text:decompress:ZI)
                  00002b24    00000010     driverlib-cm3.lib : adc.obj (.text:ADCIntEnable)
                  00002b34    0000000e                       : adc.obj (.text:ADCSequenceEnable)
                  00002b42    0000000e                       : timer.obj (.text:TimerEnable)
                  00002b50    0000000e     rtsv7M3_T_le_eabi.lib : copy_decompress_none.obj (.text:decompress:none)
                  00002b5e    0000000c     startup_ccs.obj (.text)
                  00002b6a    0000000a     driverlib-cm3.lib : adc.obj (.text:ADCIntClear)
                  00002b74    0000000a                       : ssi.obj (.text:SSIDataPut)
                  00002b7e    0000000a                       : ssi.obj (.text:SSIDisable)
                  00002b88    0000000a                       : ssi.obj (.text:SSIEnable)
                  00002b92    00000008                       : ssi.obj (.text:SSIBusy)
                  00002b9a    00000006                       : gpio.obj (.text:GPIOPinRead)
                  00002ba0    00000006                       : gpio.obj (.text:GPIOPinWrite)
                  00002ba6    00000006                       : sysctl.obj (.text:SysCtlDelay)
                  00002bac    00000006     rtsv7M3_T_le_eabi.lib : copy_decompress_rle.obj (.text:decompress:rle24)

.const     0    00002bb4    00000388     
                  00002bb4    000001e0     rit128x96x4.obj (.const:g_pucFont)
                  00002d94    00000070     driverlib-cm3.lib : interrupt.obj (.const)
                  00002e04    0000006c                       : sysctl.obj (.const:g_pulXtals)
                  00002e70    0000004f     rit128x96x4.obj (.const:.string:g_pucRIT128x96x4Init)
                  00002ebf    00000001     --HOLE-- [fill = 0]
                  00002ec0    00000040     driverlib-cm3.lib : sysctl.obj (.const)
                  00002f00    0000001c     ustdlib.obj (.const)
                  00002f1c    00000012     ustdlib.obj (.const:.string)
                  00002f2e    00000002     --HOLE-- [fill = 0]
                  00002f30    0000000c     rit128x96x4.obj (.const:.string)

.cinit     0    00002f40    00000058     
                  00002f40    00000021     (.cinit..data.load) [load image, compression = rle]
                  00002f61    00000003     --HOLE-- [fill = 0]
                  00002f64    0000000c     (__TI_handler_table)
                  00002f70    00000008     (.cinit..bss.load) [load image, compression = zero_init]
                  00002f78    00000008     (.cinit..vtable.load) [load image, compression = zero_init]
                  00002f80    00000018     (__TI_cinit_table)

.vtable    0    20000000    0000026c     UNINITIALIZED
                  20000000    0000026c     driverlib-cm3.lib : interrupt.obj (.vtable)

.bss       0    2000026c    00009c74     UNINITIALIZED
                  2000026c    00004e20     my_adc.obj (.bss:dataArray1)
                  2000508c    00004e20     my_adc.obj (.bss:dataArray2)
                  20009eac    00000028     display.obj (.bss:strBufDisplay)
                  20009ed4    0000000c     rit128x96x4.obj (.bss)

.stack     0    20009ee0    00000800     UNINITIALIZED
                  20009ee0    00000800     --HOLE--

.data      0    2000a6e0    00000066     
                  2000a6e0    00000028     waveform.obj (.data)
                  2000a708    00000018     VRMS.obj (.data)
                  2000a720    00000008     rtsv7M3_T_le_eabi.lib : _lock.obj (.data)
                  2000a728    00000008                           : exit.obj (.data)
                  2000a730    00000004     my_adc.obj (.data)
                  2000a734    00000004     peak_to_peak.obj (.data)
                  2000a738    00000004     rtsv7M3_T_le_eabi.lib : stkdepth_vars.obj (.data)
                  2000a73c    00000004     ustdlib.obj (.data)
                  2000a740    00000002     Scheduler.obj (.data)
                  2000a742    00000002     --HOLE--
                  2000a744    00000002     frequency.obj (.data)


LINKER GENERATED COPY TABLES

__TI_cinit_table @ 00002f80 records: 3, size/record: 8, table size: 24
	.data: load addr=00002f40, load size=00000021 bytes, run addr=2000a6e0, run size=00000066 bytes, compression=rle
	.bss: load addr=00002f70, load size=00000008 bytes, run addr=2000026c, run size=00009c74 bytes, compression=zero_init
	.vtable: load addr=00002f78, load size=00000008 bytes, run addr=20000000, run size=0000026c bytes, compression=zero_init


LINKER GENERATED HANDLER TABLE

__TI_handler_table @ 00002f64 records: 3, size/record: 4, table size: 12
	index: 0, handler: __TI_zero_init
	index: 1, handler: __TI_decompress_rle24
	index: 2, handler: __TI_decompress_none


GLOBAL SYMBOLS: SORTED ALPHABETICALLY BY Name 

address    name
--------   ----
000016f5   ADCISR
00002b6b   ADCIntClear
00002b25   ADCIntEnable
000029e9   ADCIntRegister
000029bf   ADCSequenceConfigure
00002a35   ADCSequenceDataGet
00002b35   ADCSequenceEnable
000025ed   ADCSequenceStepConfigure
000028e9   C$$EXIT
00002991   GPIODirModeSet
000020ad   GPIOPadConfigSet
00002b9b   GPIOPinRead
00002ab9   GPIOPinTypeADC
00002acb   GPIOPinTypeGPIOOutput
00002add   GPIOPinTypeSSI
00002ba1   GPIOPinWrite
000026c1   IntEnable
00002929   IntRegister
0000126d   RIT128x96x4Clear
000014ff   RIT128x96x4Disable
00001641   RIT128x96x4DisplayOff
0000160d   RIT128x96x4DisplayOn
000014a5   RIT128x96x4Enable
00001409   RIT128x96x4ImageDraw
0000156d   RIT128x96x4Init
000012d9   RIT128x96x4StringDraw
2000a6fc   RMSSine
2000a704   RMSSq
2000a700   RMSTri
00002b5f   ResetISR
UNDEFED    SHT$$INIT_ARRAY$$Base
UNDEFED    SHT$$INIT_ARRAY$$Limit
00002b93   SSIBusy
000027dd   SSIConfigSetExpClk
00002aef   SSIDataGetNonBlocking
00002b75   SSIDataPut
00002b7f   SSIDisable
00002b89   SSIEnable
00002a55   SysCtlADCSpeedSet
00001a31   SysCtlClockGet
00001f69   SysCtlClockSet
00002ba7   SysCtlDelay
00002785   SysCtlPeripheralEnable
00002a11   TimerConfigure
00002a75   TimerControlTrigger
00002b43   TimerEnable
00002b01   TimerLoadSet
2000a6e0   __STACK_END
00000800   __STACK_SIZE
20009fe0   __STACK_TOP
00002f80   __TI_CINIT_Base
00002f98   __TI_CINIT_Limit
00002f64   __TI_Handler_Table_Base
00002f70   __TI_Handler_Table_Limit
00000001   __TI_args_main
000024dd   __TI_auto_init
00002b51   __TI_decompress_none
00002bad   __TI_decompress_rle24
00000000   __TI_static_base__
00002b13   __TI_zero_init
000023a5   __aeabi_memcpy
000023a5   __aeabi_memcpy4
000023a5   __aeabi_memcpy8
00002865   __aeabi_uidivmod
ffffffff   __binit__
ffffffff   __c_args__
20009ee0   __stack
00002a8d   _args_main
0000295d   _c_int00
2000a728   _cleanup_ptr
2000a72c   _dtors_ptr
2000a720   _lock
00002ab3   _nop
00002aab   _register_lock
00002aa5   _register_unlock
2000a724   _unlock
000028ed   abort
00001675   adcInit
ffffffff   binit
2000a740   buttonEvent
00002571   buttonsInit
00002821   copy_in
2000a708   currentEl
2000a6e4   currentSumEl
2000026c   dataArray1
2000508c   dataArray2
2000a6e0   dcFlag
00000b13   displayClear
00000cbd   displayFrequency
00000b09   displayInit
00000f09   displayMSE
00000b5b   displayMenu
00000b8f   displayP2P
00000b1b   displayStartup
00000ddb   displayVrms
00000fc3   displayWave
000028f5   exit
2000a744   frequency
20000000   g_pfnRAMVectors
00000000   g_pfnVectors
00002591   getButtonEvent
00002175   getFrequency
00002441   getMSE
00001e0d   getMaxV
00001e89   getMinV
00001f17   getPeakToPeakV
00001f39   getVAve
0000223d   getVRMS
00001c09   getWaveform
2000a710   integralFinal
2000a70c   integralNow
00002659   isqrt
0000177d   main
2000a738   main_func_sp
000023a5   memcpy
2000a736   peakToPeak
2000a71c   sampRMS
2000a6f0   sampleCount
2000a6f4   sampleCountOut
2000a714   sampleCounts
2000a718   sampleCountsOut
2000a6f8   sampleRMS
00002309   schedulerRun
00002301   schedulerStart
00002321   schedulerTask
00001dd5   steady
20009eac   strBufDisplay
2000a6ec   sumFinal
2000a6e8   sumNow
000028a9   timerInit
2000a730   uiValue
000005a9   ulocaltime
000007a9   umktime
00000ae5   urand
00000573   usnprintf
00000541   usprintf
00000ad5   usrand
00000a4d   ustrcasecmp
00000ac1   ustrcmp
00000959   ustrlen
00000a61   ustrncmp
000000f1   ustrncpy
000009ad   ustrnicmp
0000097b   ustrstr
00000821   ustrtoul
00000149   uvsnprintf
2000a734   vAve
2000a6e2   waveFlag


GLOBAL SYMBOLS: SORTED BY Symbol Address 

address    name
--------   ----
00000000   __TI_static_base__
00000000   g_pfnVectors
00000001   __TI_args_main
000000f1   ustrncpy
00000149   uvsnprintf
00000541   usprintf
00000573   usnprintf
000005a9   ulocaltime
000007a9   umktime
00000800   __STACK_SIZE
00000821   ustrtoul
00000959   ustrlen
0000097b   ustrstr
000009ad   ustrnicmp
00000a4d   ustrcasecmp
00000a61   ustrncmp
00000ac1   ustrcmp
00000ad5   usrand
00000ae5   urand
00000b09   displayInit
00000b13   displayClear
00000b1b   displayStartup
00000b5b   displayMenu
00000b8f   displayP2P
00000cbd   displayFrequency
00000ddb   displayVrms
00000f09   displayMSE
00000fc3   displayWave
0000126d   RIT128x96x4Clear
000012d9   RIT128x96x4StringDraw
00001409   RIT128x96x4ImageDraw
000014a5   RIT128x96x4Enable
000014ff   RIT128x96x4Disable
0000156d   RIT128x96x4Init
0000160d   RIT128x96x4DisplayOn
00001641   RIT128x96x4DisplayOff
00001675   adcInit
000016f5   ADCISR
0000177d   main
00001a31   SysCtlClockGet
00001c09   getWaveform
00001dd5   steady
00001e0d   getMaxV
00001e89   getMinV
00001f17   getPeakToPeakV
00001f39   getVAve
00001f69   SysCtlClockSet
000020ad   GPIOPadConfigSet
00002175   getFrequency
0000223d   getVRMS
00002301   schedulerStart
00002309   schedulerRun
00002321   schedulerTask
000023a5   __aeabi_memcpy
000023a5   __aeabi_memcpy4
000023a5   __aeabi_memcpy8
000023a5   memcpy
00002441   getMSE
000024dd   __TI_auto_init
00002571   buttonsInit
00002591   getButtonEvent
000025ed   ADCSequenceStepConfigure
00002659   isqrt
000026c1   IntEnable
00002785   SysCtlPeripheralEnable
000027dd   SSIConfigSetExpClk
00002821   copy_in
00002865   __aeabi_uidivmod
000028a9   timerInit
000028e9   C$$EXIT
000028ed   abort
000028f5   exit
00002929   IntRegister
0000295d   _c_int00
00002991   GPIODirModeSet
000029bf   ADCSequenceConfigure
000029e9   ADCIntRegister
00002a11   TimerConfigure
00002a35   ADCSequenceDataGet
00002a55   SysCtlADCSpeedSet
00002a75   TimerControlTrigger
00002a8d   _args_main
00002aa5   _register_unlock
00002aab   _register_lock
00002ab3   _nop
00002ab9   GPIOPinTypeADC
00002acb   GPIOPinTypeGPIOOutput
00002add   GPIOPinTypeSSI
00002aef   SSIDataGetNonBlocking
00002b01   TimerLoadSet
00002b13   __TI_zero_init
00002b25   ADCIntEnable
00002b35   ADCSequenceEnable
00002b43   TimerEnable
00002b51   __TI_decompress_none
00002b5f   ResetISR
00002b6b   ADCIntClear
00002b75   SSIDataPut
00002b7f   SSIDisable
00002b89   SSIEnable
00002b93   SSIBusy
00002b9b   GPIOPinRead
00002ba1   GPIOPinWrite
00002ba7   SysCtlDelay
00002bad   __TI_decompress_rle24
00002f64   __TI_Handler_Table_Base
00002f70   __TI_Handler_Table_Limit
00002f80   __TI_CINIT_Base
00002f98   __TI_CINIT_Limit
20000000   g_pfnRAMVectors
2000026c   dataArray1
2000508c   dataArray2
20009eac   strBufDisplay
20009ee0   __stack
20009fe0   __STACK_TOP
2000a6e0   __STACK_END
2000a6e0   dcFlag
2000a6e2   waveFlag
2000a6e4   currentSumEl
2000a6e8   sumNow
2000a6ec   sumFinal
2000a6f0   sampleCount
2000a6f4   sampleCountOut
2000a6f8   sampleRMS
2000a6fc   RMSSine
2000a700   RMSTri
2000a704   RMSSq
2000a708   currentEl
2000a70c   integralNow
2000a710   integralFinal
2000a714   sampleCounts
2000a718   sampleCountsOut
2000a71c   sampRMS
2000a720   _lock
2000a724   _unlock
2000a728   _cleanup_ptr
2000a72c   _dtors_ptr
2000a730   uiValue
2000a734   vAve
2000a736   peakToPeak
2000a738   main_func_sp
2000a740   buttonEvent
2000a744   frequency
ffffffff   __binit__
ffffffff   __c_args__
ffffffff   binit
UNDEFED    SHT$$INIT_ARRAY$$Base
UNDEFED    SHT$$INIT_ARRAY$$Limit

[148 symbols]
