******************************************************************************
                  TI ARM Linker PC v5.0.1                      
******************************************************************************
>> Linked Thu Oct 16 09:10:22 2014

OUTPUT FILE NAME:   <Nathan_Project2.out>
ENTRY POINT SYMBOL: "_c_int00"  address: 00004d71


MEMORY CONFIGURATION

         name            origin    length      used     unused   attr    fill
----------------------  --------  ---------  --------  --------  ----  --------
  FLASH                 00000000   00040000  0000583e  0003a7c2  R  X
  SRAM                  20000000   00010000  00000c9a  0000f366  RW X


SEGMENT ALLOCATION MAP

run origin  load origin   length   init length attrs members
----------  ----------- ---------- ----------- ----- -------
00000000    00000000    00005848   00005848    r-x
  00000000    00000000    000000f0   000000f0    r-- .intvecs
  000000f0    000000f0    00005132   00005132    r-x .text
  00005228    00005228    00000594   00000594    r-- .const
  000057c0    000057c0    00000088   00000088    r-- .cinit
20000000    20000000    00000a6c   00000000    rw-
  20000000    20000000    0000026c   00000000    rw- .vtable
  2000026c    2000026c    00000800   00000000    rw- .stack
20000a70    20000a70    00000230   000001be    rw-
  20000a70    20000a70    000001be   000001be    rw- .data
  20000c30    20000c30    00000070   00000000    rw- .bss


SECTION ALLOCATION MAP

 output                                  attributes/
section   page    origin      length       input sections
--------  ----  ----------  ----------   ----------------
.intvecs   0    00000000    000000f0     
                  00000000    000000f0     startup_ccs.obj (.intvecs)

.text      0    000000f0    00005132     
                  000000f0    00000e7a     rtsv7M3_T_le_eabi.lib : _printfi.obj (.text)
                  00000f6a    00000002     --HOLE-- [fill = 0]
                  00000f6c    00000b48     f_steeringWheels.obj (.text)
                  00001ab4    00000870     f_display.obj (.text)
                  00002324    00000510     rit128x96x4.obj (.text)
                  00002834    00000380     f_systemABS.obj (.text)
                  00002bb4    000002a0     rtsv7M3_T_le_eabi.lib : xsin.obj (.text)
                  00002e54    00000244                           : tan.obj (.text)
                  00003098    000001f4                           : ull_div_t2.obj (.text)
                  0000328c    000001d8     driverlib-cm3.lib : sysctl.obj (.text:SysCtlClockGet)
                  00003464    000001b6     rtsv7M3_T_le_eabi.lib : fd_add_t2.obj (.text)
                  0000361a    00000002     --HOLE-- [fill = 0]
                  0000361c    00000180     f_buttons.obj (.text)
                  0000379c    00000168     f_sysTick.obj (.text)
                  00003904    00000154     rtsv7M3_T_le_eabi.lib : fmod.obj (.text)
                  00003a58    00000144     driverlib-cm3.lib : sysctl.obj (.text:SysCtlClockSet)
                  00003b9c    00000136     rtsv7M3_T_le_eabi.lib : fd_div_t2.obj (.text)
                  00003cd2    00000002     --HOLE-- [fill = 0]
                  00003cd4    00000100                           : xdscale.obj (.text)
                  00003dd4    000000fc     driverlib-cm3.lib : gpio.obj (.text:GPIOGetIntNumber)
                  00003ed0    000000fc     rtsv7M3_T_le_eabi.lib : fd_mul_t2.obj (.text)
                  00003fcc    000000fa                           : fs_add_t2.obj (.text)
                  000040c6    00000002     --HOLE-- [fill = 0]
                  000040c8    000000e0     f_Brakes.obj (.text)
                  000041a8    000000c8     driverlib-cm3.lib : gpio.obj (.text:GPIOPadConfigSet)
                  00004270    000000be     rtsv7M3_T_le_eabi.lib : xdnorm.obj (.text)
                  0000432e    00000002     --HOLE-- [fill = 0]
                  00004330    000000ac     f_main.obj (.text)
                  000043dc    0000009c     rtsv7M3_T_le_eabi.lib : memcpy_t2.obj (.text)
                  00004478    00000094                           : auto_init.obj (.text)
                  0000450c    00000092                           : fs_div_t2.obj (.text)
                  0000459e    00000002     --HOLE-- [fill = 0]
                  000045a0    00000090     f_scheduler.obj (.text)
                  00004630    0000007e     rtsv7M3_T_le_eabi.lib : fd_cmp_t2.obj (.text)
                  000046ae    0000007a                           : fs_mul_t2.obj (.text)
                  00004728    00000078                           : memset_t2.obj (.text)
                  000047a0    00000064     driverlib-cm3.lib : interrupt.obj (.text:IntEnable)
                  00004804    00000060     rtsv7M3_T_le_eabi.lib : fs_cmp_t2.obj (.text)
                  00004864    00000060                           : sprintf.obj (.text)
                  000048c4    0000005e                           : copy_decompress_rle.obj (.text)
                  00004922    00000002     --HOLE-- [fill = 0]
                  00004924    00000058     driverlib-cm3.lib : sysctl.obj (.text:SysCtlPeripheralEnable)
                  0000497c    00000056     rtsv7M3_T_le_eabi.lib : ltoa.obj (.text)
                  000049d2    00000002     --HOLE-- [fill = 0]
                  000049d4    00000050     driverlib-cm3.lib : pwm.obj (.text:PWMGenIntGet)
                  00004a24    0000004c     rtsv7M3_T_le_eabi.lib : atoi.obj (.text)
                  00004a70    0000004a                           : fd_tos_t2.obj (.text)
                  00004aba    00000048                           : fd_toi_t2.obj (.text)
                  00004b02    00000044     driverlib-cm3.lib : gpio.obj (.text:GPIOIntTypeSet)
                  00004b46    00000044                       : ssi.obj (.text:SSIConfigSetExpClk)
                  00004b8a    00000002     --HOLE-- [fill = 0]
                  00004b8c    00000044     rtsv7M3_T_le_eabi.lib : cpy_tbl.obj (.text)
                  00004bd0    00000044                           : xdtest.obj (.text)
                  00004c14    00000040                           : exit.obj (.text)
                  00004c54    00000040                           : signal.obj (.text)
                  00004c94    00000038                           : fs_tod_t2.obj (.text)
                  00004ccc    00000038                           : fs_toi_t2.obj (.text)
                  00004d04    00000036     driverlib-cm3.lib : timer.obj (.text:TimerIntRegister)
                  00004d3a    00000002     --HOLE-- [fill = 0]
                  00004d3c    00000034                       : interrupt.obj (.text:IntRegister)
                  00004d70    00000034     rtsv7M3_T_le_eabi.lib : boot.obj (.text)
                  00004da4    00000034                           : fs_tou_t2.obj (.text)
                  00004dd8    00000030                           : feraiseexcept.obj (.text)
                  00004e08    00000030                           : xferaise.obj (.text)
                  00004e38    0000002e     driverlib-cm3.lib : gpio.obj (.text:GPIODirModeSet)
                  00004e66    0000002e     rtsv7M3_T_le_eabi.lib : i_tofd_t2.obj (.text)
                  00004e94    0000002e                           : raise.obj (.text)
                  00004ec2    00000028     driverlib-cm3.lib : pwm.obj (.text:PWMGenConfigure)
                  00004eea    00000002     --HOLE-- [fill = 0]
                  00004eec    00000024                       : timer.obj (.text:TimerConfigure)
                  00004f10    00000024     rtsv7M3_T_le_eabi.lib : u_tofs_t2.obj (.text)
                  00004f34    00000020     driverlib-cm3.lib : timer.obj (.text:TimerIntNumberGet)
                  00004f54    00000020     rtsv7M3_T_le_eabi.lib : u_tofd_t2.obj (.text)
                  00004f74    0000001e     driverlib-cm3.lib : pwm.obj (.text:PWMPulseWidthSet)
                  00004f92    00000002     --HOLE-- [fill = 0]
                  00004f94    0000001c                       : systick.obj (.text:SysTickIntRegister)
                  00004fb0    0000001a     rtsv7M3_T_le_eabi.lib : memccpy.obj (.text)
                  00004fca    00000018     driverlib-cm3.lib : gpio.obj (.text:GPIOPortIntRegister)
                  00004fe2    00000002     --HOLE-- [fill = 0]
                  00004fe4    00000018     rtsv7M3_T_le_eabi.lib : args_main.obj (.text)
                  00004ffc    00000018                           : ll_mul_t2.obj (.text)
                  00005014    00000016     driverlib-cm3.lib : pwm.obj (.text:PWMGenIntRegister)
                  0000502a    00000016                       : pwm.obj (.text:PWMOutputState)
                  00005040    00000014                       : pwm.obj (.text:PWMGenPeriodSet)
                  00005054    00000014                       : systick.obj (.text:SysTickEnable)
                  00005068    00000014                       : systick.obj (.text:SysTickIntEnable)
                  0000507c    00000014     rtsv7M3_T_le_eabi.lib : _lock.obj (.text)
                  00005090    00000014                           : strlen.obj (.text)
                  000050a4    00000012     driverlib-cm3.lib : gpio.obj (.text:GPIOPinTypeGPIOInput)
                  000050b6    00000012                       : gpio.obj (.text:GPIOPinTypeGPIOOutput)
                  000050c8    00000012                       : gpio.obj (.text:GPIOPinTypePWM)
                  000050da    00000012                       : gpio.obj (.text:GPIOPinTypeSSI)
                  000050ec    00000012                       : ssi.obj (.text:SSIDataGetNonBlocking)
                  000050fe    00000012                       : timer.obj (.text:TimerLoadSet)
                  00005110    00000012     rtsv7M3_T_le_eabi.lib : copy_zero_init.obj (.text:decompress:ZI)
                  00005122    00000002     --HOLE-- [fill = 0]
                  00005124    00000010     driverlib-cm3.lib : systick.obj (.text:SysTickPeriodSet)
                  00005134    0000000e                       : gpio.obj (.text:GPIOPinIntStatus)
                  00005142    0000000e                       : timer.obj (.text:TimerEnable)
                  00005150    0000000e     rtsv7M3_T_le_eabi.lib : copy_decompress_none.obj (.text:decompress:none)
                  0000515e    0000000e                           : xdclass.obj (.text)
                  0000516c    0000000c     driverlib-cm3.lib : cpu.obj (.text:CPUcpsie)
                  00005178    0000000c                       : gpio.obj (.text:GPIOPinIntEnable)
                  00005184    0000000c     startup_ccs.obj (.text)
                  00005190    0000000a     driverlib-cm3.lib : interrupt.obj (.text:IntMasterEnable)
                  0000519a    0000000a                       : pwm.obj (.text:PWMGenDisable)
                  000051a4    0000000a                       : pwm.obj (.text:PWMGenEnable)
                  000051ae    0000000a                       : pwm.obj (.text:PWMGenIntTrigEnable)
                  000051b8    0000000a                       : ssi.obj (.text:SSIDataPut)
                  000051c2    0000000a                       : ssi.obj (.text:SSIDisable)
                  000051cc    0000000a                       : ssi.obj (.text:SSIEnable)
                  000051d6    00000008                       : pwm.obj (.text:PWMIntEnable)
                  000051de    00000008                       : ssi.obj (.text:SSIBusy)
                  000051e6    00000008                       : timer.obj (.text:TimerIntEnable)
                  000051ee    00000006                       : gpio.obj (.text:GPIOPinIntClear)
                  000051f4    00000006                       : gpio.obj (.text:GPIOPinRead)
                  000051fa    00000006                       : gpio.obj (.text:GPIOPinWrite)
                  00005200    00000006                       : pwm.obj (.text:PWMGenIntClear)
                  00005206    00000006                       : sysctl.obj (.text:SysCtlDelay)
                  0000520c    00000006     rtsv7M3_T_le_eabi.lib : copy_decompress_rle.obj (.text:decompress:rle24)
                  00005212    00000006                           : cos.obj (.text)
                  00005218    00000006                           : sin.obj (.text)
                  0000521e    00000004     driverlib-cm3.lib : timer.obj (.text:TimerIntClear)

.const     0    00005228    00000594     
                  00005228    000001e0     rit128x96x4.obj (.const:g_pucFont)
                  00005408    00000101     rtsv7M3_T_le_eabi.lib : ctype.obj (.const:.string:_ctypes_)
                  00005509    00000007     --HOLE-- [fill = 0]
                  00005510    00000080                           : xsin.obj (.const)
                  00005590    00000070     driverlib-cm3.lib : interrupt.obj (.const)
                  00005600    0000006c                       : sysctl.obj (.const:g_pulXtals)
                  0000566c    00000060                       : timer.obj (.const:g_ppulTimerIntMap)
                  000056cc    00000004     --HOLE-- [fill = 0]
                  000056d0    00000050     rtsv7M3_T_le_eabi.lib : tan.obj (.const)
                  00005720    0000004f     rit128x96x4.obj (.const:.string:g_pucRIT128x96x4Init)
                  0000576f    00000001     --HOLE-- [fill = 0]
                  00005770    00000040     driverlib-cm3.lib : sysctl.obj (.const)
                  000057b0    0000000c     rit128x96x4.obj (.const:.string)

.cinit     0    000057c0    00000088     
                  000057c0    0000004f     (.cinit..data.load) [load image, compression = rle]
                  0000580f    00000001     --HOLE-- [fill = 0]
                  00005810    0000000c     (__TI_handler_table)
                  0000581c    00000004     --HOLE-- [fill = 0]
                  00005820    00000008     (.cinit..bss.load) [load image, compression = zero_init]
                  00005828    00000008     (.cinit..vtable.load) [load image, compression = zero_init]
                  00005830    00000018     (__TI_cinit_table)

.vtable    0    20000000    0000026c     UNINITIALIZED
                  20000000    0000026c     driverlib-cm3.lib : interrupt.obj (.vtable)

.stack     0    2000026c    00000800     UNINITIALIZED
                  2000026c    00000800     --HOLE--

.data      0    20000a70    000001be     
                  20000a70    000000b0     rtsv7M3_T_le_eabi.lib : signal.obj (.data:sigtable)
                  20000b20    00000080                           : xvalues.obj (.data)
                  20000ba0    00000040     f_steeringWheels.obj (.data)
                  20000be0    00000014     f_sysTick.obj (.data)
                  20000bf4    0000000c     f_systemABS.obj (.data)
                  20000c00    00000008     f_Brakes.obj (.data)
                  20000c08    00000008     rtsv7M3_T_le_eabi.lib : _lock.obj (.data)
                  20000c10    00000008                           : exit.obj (.data)
                  20000c18    00000008                           : feraiseexcept.obj (.data)
                  20000c20    00000004                           : errno.obj (.data)
                  20000c24    00000004                           : stkdepth_vars.obj (.data)
                  20000c28    00000002     f_buttons.obj (.data)
                  20000c2a    00000002     --HOLE--
                  20000c2c    00000002     f_scheduler.obj (.data)

.bss       0    20000c30    00000070     UNINITIALIZED
                  20000c30    00000064     f_display.obj (.bss:strBuffer)
                  20000c94    0000000c     rit128x96x4.obj (.bss)


LINKER GENERATED COPY TABLES

__TI_cinit_table @ 00005830 records: 3, size/record: 8, table size: 24
	.data: load addr=000057c0, load size=0000004f bytes, run addr=20000a70, run size=000001be bytes, compression=rle
	.bss: load addr=00005820, load size=00000008 bytes, run addr=20000c30, run size=00000070 bytes, compression=zero_init
	.vtable: load addr=00005828, load size=00000008 bytes, run addr=20000000, run size=0000026c bytes, compression=zero_init


LINKER GENERATED HANDLER TABLE

__TI_handler_table @ 00005810 records: 3, size/record: 4, table size: 12
	index: 0, handler: __TI_zero_init
	index: 1, handler: __TI_decompress_rle24
	index: 2, handler: __TI_decompress_none


GLOBAL SYMBOLS: SORTED ALPHABETICALLY BY Name 

address    name
--------   ----
20000bf4   ABSStatus
00004c15   C$$EXIT
0000516d   CPUcpsie
00004e39   GPIODirModeSet
00000f6d   GPIOInputsInit
00004b03   GPIOIntTypeSet
000041a9   GPIOPadConfigSet
000051ef   GPIOPinIntClear
00005179   GPIOPinIntEnable
00005135   GPIOPinIntStatus
000051f5   GPIOPinRead
000050a5   GPIOPinTypeGPIOInput
000050b7   GPIOPinTypeGPIOOutput
000050c9   GPIOPinTypePWM
000050db   GPIOPinTypeSSI
000051fb   GPIOPinWrite
00004fcb   GPIOPortIntRegister
000047a1   IntEnable
00005191   IntMasterEnable
00004d3d   IntRegister
00002835   LEDInit
20000ba0   PFStatus
20000bf8   PWM1Counter
0000291f   PWM1IntHandler
20000bf6   PWM1Paused
00004ec3   PWMGenConfigure
0000519b   PWMGenDisable
000051a5   PWMGenEnable
00005201   PWMGenIntClear
00005015   PWMGenIntRegister
000051af   PWMGenIntTrigEnable
00005041   PWMGenPeriodSet
00002851   PWMInit
000051d7   PWMIntEnable
0000502b   PWMOutputState
00004f75   PWMPulseWidthSet
000040c9   PortBIntHandler
00001029   PortFIntHandler
0000242d   RIT128x96x4Clear
000026bf   RIT128x96x4Disable
00002801   RIT128x96x4DisplayOff
000027cd   RIT128x96x4DisplayOn
00002665   RIT128x96x4Enable
000025c9   RIT128x96x4ImageDraw
0000272d   RIT128x96x4Init
00002499   RIT128x96x4StringDraw
00005185   ResetISR
UNDEFED    SHT$$INIT_ARRAY$$Base
UNDEFED    SHT$$INIT_ARRAY$$Limit
000051df   SSIBusy
00004b47   SSIConfigSetExpClk
000050ed   SSIDataGetNonBlocking
000051b9   SSIDataPut
000051c3   SSIDisable
000051cd   SSIEnable
0000328d   SysCtlClockGet
00003a59   SysCtlClockSet
00005207   SysCtlDelay
00004925   SysCtlPeripheralEnable
00005055   SysTickEnable
00005069   SysTickIntEnable
00004f95   SysTickIntRegister
00005125   SysTickPeriodSet
00004eed   TimerConfigure
00005143   TimerEnable
0000521f   TimerIntClear
000051e7   TimerIntEnable
00004d05   TimerIntRegister
000050ff   TimerLoadSet
0000515f   _Dclass
20000b20   _Denorm
00004271   _Dnorm
00003cd5   _Dscale
00004bd1   _Dtest
20000b30   _Eps
20000c20   _Errno
20000c18   _Fenv
00004e09   _Feraise
20000b40   _Hugeval
20000b50   _Inf
20000b60   _Nan
20000b80   _Rteps
00002bb5   _Sin
20000b70   _Snan
20000c1c   _Tls_setup__Fenv
20000b90   _Xbig
20000b98   _Zero
20000a6c   __STACK_END
00000800   __STACK_SIZE
2000036c   __STACK_TOP
00005830   __TI_CINIT_Base
00005848   __TI_CINIT_Limit
00005810   __TI_Handler_Table_Base
0000581c   __TI_Handler_Table_Limit
00000001   __TI_args_main
00004479   __TI_auto_init
00005151   __TI_decompress_none
0000520d   __TI_decompress_rle24
00000000   __TI_static_base__
00005111   __TI_zero_init
00004631   __aeabi_cdcmpeq
00004631   __aeabi_cdcmple
00004805   __aeabi_cfcmpeq
00004805   __aeabi_cfcmple
00004a71   __aeabi_d2f
00004abb   __aeabi_d2iz
0000346f   __aeabi_dadd
00003b9d   __aeabi_ddiv
00003ed1   __aeabi_dmul
00003465   __aeabi_dsub
00004c95   __aeabi_f2d
00004ccd   __aeabi_f2iz
00004da5   __aeabi_f2uiz
00003fd1   __aeabi_fadd
0000450d   __aeabi_fdiv
000046af   __aeabi_fmul
00003fcd   __aeabi_fsub
00004e67   __aeabi_i2d
00004ffd   __aeabi_lmul
00004729   __aeabi_memclr
00004729   __aeabi_memclr4
00004729   __aeabi_memclr8
000043dd   __aeabi_memcpy
000043dd   __aeabi_memcpy4
000043dd   __aeabi_memcpy8
0000472b   __aeabi_memset
0000472b   __aeabi_memset4
0000472b   __aeabi_memset8
00004f55   __aeabi_ui2d
00004f11   __aeabi_ui2f
00003099   __aeabi_uldivmod
ffffffff   __binit__
ffffffff   __c_args__
2000026c   __stack
00004fe5   _args_main
00004d71   _c_int00
20000c10   _cleanup_ptr
00005408   _ctypes_
20000c14   _dtors_ptr
20000c08   _lock
0000508b   _nop
00000c63   _printfi
00005083   _register_lock
0000507d   _register_unlock
20000c0c   _unlock
20000bdc   a
00004c19   abort
20000bfe   aboveKPH
20000bd4   angle
20000bd8   angle_rad
00004a25   atoi
20000bfa   audioLEDMode
ffffffff   binit
20000c06   brakeCounter
20000c00   brakeInputHigh
20000c04   brakeSignalCounter
20000c02   brakeStatus
0000361d   buttonsInit
0000110d   calcExpectedSpeeds
00004121   changeBrakeDuty
0000414f   checkBrakeNoSignal
00004331   clockInit
00004b8d   copy_in
00005213   cos
00001ca9   displayABSinfo
00001adf   displayClear
00001f21   displayExpectedSpeeds
00001ac3   displayHeader
00001ab5   displayInit
00001ae7   displayIntro
00001b4b   displayMenu
00001b95   displayMilestone
000020a1   displayTest
00004c21   exit
20000bb4   expectedWheelSpeed
00004dd9   feraiseexcept
00003905   fmod
20000000   g_pfnRAMVectors
00000000   g_pfnVectors
00002b8f   getABSStatus
00002b89   getAbove10KPH
000019dd   getAngle
00004187   getBrakeInputHigh
00004181   getBrakeStatus
0000363d   getButtonEvent
000019cb   getExpectedSpeeds
00001a1d   getRadians
000019c7   getRadius
00001a5d   getSteeringInputHigh
00001a57   getSteeringStatus
000038bd   getSysTickCounter
000038c3   getWheelSpeeds
20000c28   initialSysTick
0000497d   ltoa
0000433b   main
20000c24   main_func_sp
00004fb1   memccpy
000043dd   memcpy
00004731   memset
20000c2c   mode
0000379d   myTimerInit
000037df   myTimerIntHandler
20000bc4   radius
00004e95   raise
000045a1   schedulerRun
000045b5   schedulerTask
00002a3f   setAudioVolume
00004c55   signal
00005219   sin
20000bfc   slipping
00004865   sprintf
20000ba6   steeringCounter
20000ba4   steeringInputHigh
20000ba8   steeringStatus
20000c30   strBuffer
00005091   strlen
20000be0   sysTickCounter
0000384d   sysTickInit
0000386d   sysTickIntHandler
00002e55   tan
00002991   toggleABS
000029e3   toggleAudioLED
00002a95   triggerABS
20000baa   wheelCounter
20000be4   wheelSpeed


GLOBAL SYMBOLS: SORTED BY Symbol Address 

address    name
--------   ----
00000000   __TI_static_base__
00000000   g_pfnVectors
00000001   __TI_args_main
00000800   __STACK_SIZE
00000c63   _printfi
00000f6d   GPIOInputsInit
00001029   PortFIntHandler
0000110d   calcExpectedSpeeds
000019c7   getRadius
000019cb   getExpectedSpeeds
000019dd   getAngle
00001a1d   getRadians
00001a57   getSteeringStatus
00001a5d   getSteeringInputHigh
00001ab5   displayInit
00001ac3   displayHeader
00001adf   displayClear
00001ae7   displayIntro
00001b4b   displayMenu
00001b95   displayMilestone
00001ca9   displayABSinfo
00001f21   displayExpectedSpeeds
000020a1   displayTest
0000242d   RIT128x96x4Clear
00002499   RIT128x96x4StringDraw
000025c9   RIT128x96x4ImageDraw
00002665   RIT128x96x4Enable
000026bf   RIT128x96x4Disable
0000272d   RIT128x96x4Init
000027cd   RIT128x96x4DisplayOn
00002801   RIT128x96x4DisplayOff
00002835   LEDInit
00002851   PWMInit
0000291f   PWM1IntHandler
00002991   toggleABS
000029e3   toggleAudioLED
00002a3f   setAudioVolume
00002a95   triggerABS
00002b89   getAbove10KPH
00002b8f   getABSStatus
00002bb5   _Sin
00002e55   tan
00003099   __aeabi_uldivmod
0000328d   SysCtlClockGet
00003465   __aeabi_dsub
0000346f   __aeabi_dadd
0000361d   buttonsInit
0000363d   getButtonEvent
0000379d   myTimerInit
000037df   myTimerIntHandler
0000384d   sysTickInit
0000386d   sysTickIntHandler
000038bd   getSysTickCounter
000038c3   getWheelSpeeds
00003905   fmod
00003a59   SysCtlClockSet
00003b9d   __aeabi_ddiv
00003cd5   _Dscale
00003ed1   __aeabi_dmul
00003fcd   __aeabi_fsub
00003fd1   __aeabi_fadd
000040c9   PortBIntHandler
00004121   changeBrakeDuty
0000414f   checkBrakeNoSignal
00004181   getBrakeStatus
00004187   getBrakeInputHigh
000041a9   GPIOPadConfigSet
00004271   _Dnorm
00004331   clockInit
0000433b   main
000043dd   __aeabi_memcpy
000043dd   __aeabi_memcpy4
000043dd   __aeabi_memcpy8
000043dd   memcpy
00004479   __TI_auto_init
0000450d   __aeabi_fdiv
000045a1   schedulerRun
000045b5   schedulerTask
00004631   __aeabi_cdcmpeq
00004631   __aeabi_cdcmple
000046af   __aeabi_fmul
00004729   __aeabi_memclr
00004729   __aeabi_memclr4
00004729   __aeabi_memclr8
0000472b   __aeabi_memset
0000472b   __aeabi_memset4
0000472b   __aeabi_memset8
00004731   memset
000047a1   IntEnable
00004805   __aeabi_cfcmpeq
00004805   __aeabi_cfcmple
00004865   sprintf
00004925   SysCtlPeripheralEnable
0000497d   ltoa
00004a25   atoi
00004a71   __aeabi_d2f
00004abb   __aeabi_d2iz
00004b03   GPIOIntTypeSet
00004b47   SSIConfigSetExpClk
00004b8d   copy_in
00004bd1   _Dtest
00004c15   C$$EXIT
00004c19   abort
00004c21   exit
00004c55   signal
00004c95   __aeabi_f2d
00004ccd   __aeabi_f2iz
00004d05   TimerIntRegister
00004d3d   IntRegister
00004d71   _c_int00
00004da5   __aeabi_f2uiz
00004dd9   feraiseexcept
00004e09   _Feraise
00004e39   GPIODirModeSet
00004e67   __aeabi_i2d
00004e95   raise
00004ec3   PWMGenConfigure
00004eed   TimerConfigure
00004f11   __aeabi_ui2f
00004f55   __aeabi_ui2d
00004f75   PWMPulseWidthSet
00004f95   SysTickIntRegister
00004fb1   memccpy
00004fcb   GPIOPortIntRegister
00004fe5   _args_main
00004ffd   __aeabi_lmul
00005015   PWMGenIntRegister
0000502b   PWMOutputState
00005041   PWMGenPeriodSet
00005055   SysTickEnable
00005069   SysTickIntEnable
0000507d   _register_unlock
00005083   _register_lock
0000508b   _nop
00005091   strlen
000050a5   GPIOPinTypeGPIOInput
000050b7   GPIOPinTypeGPIOOutput
000050c9   GPIOPinTypePWM
000050db   GPIOPinTypeSSI
000050ed   SSIDataGetNonBlocking
000050ff   TimerLoadSet
00005111   __TI_zero_init
00005125   SysTickPeriodSet
00005135   GPIOPinIntStatus
00005143   TimerEnable
00005151   __TI_decompress_none
0000515f   _Dclass
0000516d   CPUcpsie
00005179   GPIOPinIntEnable
00005185   ResetISR
00005191   IntMasterEnable
0000519b   PWMGenDisable
000051a5   PWMGenEnable
000051af   PWMGenIntTrigEnable
000051b9   SSIDataPut
000051c3   SSIDisable
000051cd   SSIEnable
000051d7   PWMIntEnable
000051df   SSIBusy
000051e7   TimerIntEnable
000051ef   GPIOPinIntClear
000051f5   GPIOPinRead
000051fb   GPIOPinWrite
00005201   PWMGenIntClear
00005207   SysCtlDelay
0000520d   __TI_decompress_rle24
00005213   cos
00005219   sin
0000521f   TimerIntClear
00005408   _ctypes_
00005810   __TI_Handler_Table_Base
0000581c   __TI_Handler_Table_Limit
00005830   __TI_CINIT_Base
00005848   __TI_CINIT_Limit
20000000   g_pfnRAMVectors
2000026c   __stack
2000036c   __STACK_TOP
20000a6c   __STACK_END
20000b20   _Denorm
20000b30   _Eps
20000b40   _Hugeval
20000b50   _Inf
20000b60   _Nan
20000b70   _Snan
20000b80   _Rteps
20000b90   _Xbig
20000b98   _Zero
20000ba0   PFStatus
20000ba4   steeringInputHigh
20000ba6   steeringCounter
20000ba8   steeringStatus
20000baa   wheelCounter
20000bb4   expectedWheelSpeed
20000bc4   radius
20000bd4   angle
20000bd8   angle_rad
20000bdc   a
20000be0   sysTickCounter
20000be4   wheelSpeed
20000bf4   ABSStatus
20000bf6   PWM1Paused
20000bf8   PWM1Counter
20000bfa   audioLEDMode
20000bfc   slipping
20000bfe   aboveKPH
20000c00   brakeInputHigh
20000c02   brakeStatus
20000c04   brakeSignalCounter
20000c06   brakeCounter
20000c08   _lock
20000c0c   _unlock
20000c10   _cleanup_ptr
20000c14   _dtors_ptr
20000c18   _Fenv
20000c1c   _Tls_setup__Fenv
20000c20   _Errno
20000c24   main_func_sp
20000c28   initialSysTick
20000c2c   mode
20000c30   strBuffer
ffffffff   __binit__
ffffffff   __c_args__
ffffffff   binit
UNDEFED    SHT$$INIT_ARRAY$$Base
UNDEFED    SHT$$INIT_ARRAY$$Limit

[225 symbols]
